// Jest Snapshot v1, https://goo.gl/fbAQLP

exports[`NavigationBar renders a navigation menu 1`] = `
<nav>
  <Styled(ul)>
    <Styled(li)>
      <Styled(Link)
        className="nav-menu__link"
        to="/"
      >
        Home
      </Styled(Link)>
    </Styled(li)>
    <Styled(li)>
      <Connect(LoginStatus)
        loginURI="/login"
        logoutURI="/logout"
      />
    </Styled(li)>
  </Styled(ul)>
</nav>
`;
